Missing optional dependency 'openpyxl'.  Use pip or conda to install openpyxl.

Traceback (most recent call last):
  File "task.py", line 124, in <module>
    main()
  File "task.py", line 111, in main
    roller.process_and_save_remote_files()
  File "task.py", line 42, in process_and_save_remote_files
    cases = self._read_local_excel_files(self._cases_filename)
  File "task.py", line 49, in _read_local_excel_files
    df = pd.read_excel('data/' + fn)
  File "/opt/hostedtoolcache/Python/3.8.10/x64/lib/python3.8/site-packages/pandas/util/_decorators.py", line 311, in wrapper
    return func(*args, **kwargs)
  File "/opt/hostedtoolcache/Python/3.8.10/x64/lib/python3.8/site-packages/pandas/io/excel/_base.py", line 364, in read_excel
    io = ExcelFile(io, storage_options=storage_options, engine=engine)
  File "/opt/hostedtoolcache/Python/3.8.10/x64/lib/python3.8/site-packages/pandas/io/excel/_base.py", line 1233, in __init__
    self._reader = self._engines[engine](self._io, storage_options=storage_options)
  File "/opt/hostedtoolcache/Python/3.8.10/x64/lib/python3.8/site-packages/pandas/io/excel/_openpyxl.py", line 521, in __init__
    import_optional_dependency("openpyxl")
  File "/opt/hostedtoolcache/Python/3.8.10/x64/lib/python3.8/site-packages/pandas/compat/_optional.py", line 118, in import_optional_dependency
    raise ImportError(msg) from None
ImportError: Missing optional dependency 'openpyxl'.  Use pip or conda to install openpyxl.
